[CajetaException @ codegen] CAJETA_ERROR_VARIABLE_NOT_ASSIGNED: variable 'c' may not have been initialized; assign before reading or declare with an initializer (`= null` for an explicit null reference, `stack T()` / `heap T()` for an instance)  (method=run)
[CajetaException @ codegen] CAJETA_ERROR_VARIABLE_NOT_ASSIGNED: variable 'b' may not have been initialized; assign before reading or declare with an initializer (`= null` for an explicit null reference, `stack T()` / `heap T()` for an instance)  (method=run)
[CajetaException @ codegen] CAJETA_ERROR_VARIABLE_NOT_ASSIGNED: variable 'x' may not have been initialized; assign before reading or declare with an initializer (`= null` for an explicit null reference, `stack T()` / `heap T()` for an instance)  (method=run)
[CajetaException @ codegen] CAJETA_ERROR_VARIABLE_NOT_ASSIGNED: variable 'x' may not have been initialized; assign before reading or declare with an initializer (`= null` for an explicit null reference, `stack T()` / `heap T()` for an instance)  (method=run)
[CajetaException @ codegen] CAJETA_ERROR_BARE_CLASS_CONSTRUCTION: class 'Counter' cannot be constructed via bare `Counter(...)` syntax in the unified-class model. Use `heap Counter(...)` for heap allocation or `stack Counter(...)` for stack allocation (`stack` lands fully in Phase 2). The `new` keyword continues to work during the deprecation cycle.  (method=run)
[==========] 24 tests from 1 test suite ran. (721251 ms total)
[  PASSED  ] 24 tests.
/home/julian/code/cpp/cajeta-two/test/xpu/XpuCudaDispatchDeviceTests.cpp:91: Skipped
no CUDA device/driver available

/home/julian/code/cpp/cajeta-two/test/xpu/XpuCudaDispatchDeviceTests.cpp:104: Skipped
no CUDA device/driver available

/home/julian/code/cpp/cajeta-two/test/xpu/XpuCudaDispatchDeviceTests.cpp:151: Skipped
no CUDA device/driver available

/home/julian/code/cpp/cajeta-two/test/xpu/XpuCudaDispatchDeviceTests.cpp:202: Skipped
no CUDA device/driver available

/home/julian/code/cpp/cajeta-two/test/xpu/XpuCudaDispatchDeviceTests.cpp:251: Skipped
no CUDA device/driver available

/home/julian/code/cpp/cajeta-two/test/xpu/XpuCudaDispatchDeviceTests.cpp:298: Skipped
no CUDA device/driver available

/home/julian/code/cpp/cajeta-two/test/xpu/XpuCudaDispatchDeviceTests.cpp:340: Skipped
no CUDA device/driver available

/home/julian/code/cpp/cajeta-two/test/xpu/XpuCudaDispatchDeviceTests.cpp:388: Skipped
no CUDA device/driver available

/home/julian/code/cpp/cajeta-two/test/xpu/XpuCudaDispatchDeviceTests.cpp:439: Skipped
no CUDA device/driver available

/home/julian/code/cpp/cajeta-two/test/xpu/XpuCudaDispatchDeviceTests.cpp:497: Skipped
no CUDA device/driver available

/home/julian/code/cpp/cajeta-two/test/xpu/XpuCudaDispatchDeviceTests.cpp:543: Skipped
no CUDA device/driver available

/home/julian/code/cpp/cajeta-two/test/xpu/XpuCudaDispatchDeviceTests.cpp:640: Skipped
no CUDA device/driver available

/home/julian/code/cpp/cajeta-two/test/xpu/XpuCudaDispatchDeviceTests.cpp:656: Skipped
no CUDA device/driver available

/home/julian/code/cpp/cajeta-two/test/xpu/XpuCudaDispatchDeviceTests.cpp:674: Skipped
no CUDA device/driver available

/home/julian/code/cpp/cajeta-two/test/xpu/XpuCudaDispatchDeviceTests.cpp:715: Skipped
no CUDA device/driver available

/home/julian/code/cpp/cajeta-two/test/xpu/XpuCudaDispatchDeviceTests.cpp:762: Skipped
no CUDA device/driver available

/home/julian/code/cpp/cajeta-two/test/xpu/XpuCudaDispatchDeviceTests.cpp:807: Skipped
no CUDA device/driver available

/home/julian/code/cpp/cajeta-two/test/xpu/XpuCudaDispatchDeviceTests.cpp:880: Skipped
no CUDA device/driver available

cajeta.xpu.nvidia: ptxas not found (set CUDA_PATH or put ptxas on PATH)
[==========] 19 tests from 1 test suite ran. (21017 ms total)
[  PASSED  ] 1 test.
[  SKIPPED ] 18 tests.
[==========] 16 tests from 1 test suite ran. (509116 ms total)
[  PASSED  ] 16 tests.
[==========] 12 tests from 1 test suite ran. (383543 ms total)
[  PASSED  ] 12 tests.
[==========] 10 tests from 1 test suite ran. (117013 ms total)
[  PASSED  ] 10 tests.
[==========] 8 tests from 1 test suite ran. (178942 ms total)
[  PASSED  ] 8 tests.
[==========] 7 tests from 1 test suite ran. (203949 ms total)
[  PASSED  ] 7 tests.
[==========] 7 tests from 1 test suite ran. (189293 ms total)
[  PASSED  ] 7 tests.
[==========] 5 tests from 1 test suite ran. (105 ms total)
[  PASSED  ] 5 tests.
[==========] 5 tests from 1 test suite ran. (121602 ms total)
[  PASSED  ] 5 tests.
[CajetaException @ codegen] CAJETA_ERROR_BORROW_PARAM_ESCAPES: method `test.D::escape(test.Foo)` declares a `#T` return (ownership transfer) but returns borrowed parameter `f` declared without `#`. The caller would register a fresh drop entry on receipt and free a value the original owner still references. Fix: mark the parameter `#f` so the caller transfers ownership, or change the return type to plain `T` (borrow pass-through). See docs/specification/lang/OwnershipTransfer.md.  (method=escape)
[CajetaException @ codegen] CAJETA_ERROR_BORROW_PARAM_ESCAPES: cannot transfer borrowed parameter `p` via `#` — its formal is declared plain `T` (borrow), so this scope doesn't own the value. Fix: mark the formal `#p` to receive ownership at the outer call site, or restructure to not retain the borrow.  (method=useBorrow)
[==========] 5 tests from 1 test suite ran. (109473 ms total)
[  PASSED  ] 5 tests.
line 5:19 no viable alternative at input '#DType f32 ='
line 12:19 no viable alternative at input '#DType i32 ='
line 18:19 no viable alternative at input '#DType u32 ='
line 22:17 no viable alternative at input '#DType b ='
line 26:18 no viable alternative at input '#DType bf ='
line 29:18 no viable alternative at input '#DType f8 ='
line 33:18 no viable alternative at input '#DType f4 ='
line 36:19 no viable alternative at input '#DType f16 ='
line 5:19 no viable alternative at input '#DType f32 ='
line 12:19 no viable alternative at input '#DType i32 ='
line 18:19 no viable alternative at input '#DType u32 ='
line 22:17 no viable alternative at input '#DType b ='
line 26:18 no viable alternative at input '#DType bf ='
line 29:18 no viable alternative at input '#DType f8 ='
line 33:18 no viable alternative at input '#DType f4 ='
line 36:19 no viable alternative at input '#DType f16 ='
line 5:17 no viable alternative at input '#DType a ='
line 7:17 no viable alternative at input '#DType b ='
line 9:17 no viable alternative at input '#DType c ='
line 11:17 no viable alternative at input '#DType d ='
line 13:17 no viable alternative at input '#DType e ='
line 15:17 no viable alternative at input '#DType f ='
line 17:17 no viable alternative at input '#DType g ='
line 5:17 no viable alternative at input '#DType a ='
line 7:17 no viable alternative at input '#DType b ='
line 9:17 no viable alternative at input '#DType c ='
line 11:17 no viable alternative at input '#DType d ='
line 13:17 no viable alternative at input '#DType e ='
line 15:17 no viable alternative at input '#DType f ='
line 17:17 no viable alternative at input '#DType g ='
line 5:18 no viable alternative at input '#DType r1 ='
line 7:18 no viable alternative at input '#DType r2 ='
line 9:18 no viable alternative at input '#DType r3 ='
line 11:18 no viable alternative at input '#DType r4 ='
line 13:18 no viable alternative at input '#DType r5 ='
line 15:18 no viable alternative at input '#DType r6 ='
line 17:18 no viable alternative at input '#DType r7 ='
line 19:18 no viable alternative at input '#DType r8 ='
line 21:18 no viable alternative at input '#DType r9 ='
line 23:19 no viable alternative at input '#DType r10 ='
line 25:19 no viable alternative at input '#DType r11 ='
line 27:19 no viable alternative at input '#DType r12 ='
line 29:19 no viable alternative at input '#DType r13 ='
line 31:19 no viable alternative at input '#DType r14 ='
line 33:19 no viable alternative at input '#DType r15 ='
line 35:19 no viable alternative at input '#DType r16 ='
line 5:18 no viable alternative at input '#DType r1 ='
line 7:18 no viable alternative at input '#DType r2 ='
line 9:18 no viable alternative at input '#DType r3 ='
line 11:18 no viable alternative at input '#DType r4 ='
line 13:18 no viable alternative at input '#DType r5 ='
line 15:18 no viable alternative at input '#DType r6 ='
line 17:18 no viable alternative at input '#DType r7 ='
line 19:18 no viable alternative at input '#DType r8 ='
line 21:18 no viable alternative at input '#DType r9 ='
line 23:19 no viable alternative at input '#DType r10 ='
line 25:19 no viable alternative at input '#DType r11 ='
line 27:19 no viable alternative at input '#DType r12 ='
line 29:19 no viable alternative at input '#DType r13 ='
line 31:19 no viable alternative at input '#DType r14 ='
line 33:19 no viable alternative at input '#DType r15 ='
line 35:19 no viable alternative at input '#DType r16 ='
[==========] 4 tests from 1 test suite ran. (100342 ms total)
[  PASSED  ] 4 tests.
[==========] 3 tests from 1 test suite ran. (106626 ms total)
[  PASSED  ] 3 tests.
[==========] 3 tests from 1 test suite ran. (0 ms total)
[  PASSED  ] 3 tests.
[==========] 2 tests from 1 test suite ran. (54616 ms total)
[  PASSED  ] 2 tests.
