[==========] 29 tests from 1 test suite ran. (383070 ms total)
[  PASSED  ] 29 tests.
[==========] 18 tests from 1 test suite ran. (561792 ms total)
[  PASSED  ] 18 tests.
[==========] 14 tests from 1 test suite ran. (0 ms total)
[  PASSED  ] 14 tests.
/home/julian/code/cpp/cajeta-two/test/xpu/XpuNvptxEmitTests.cpp:314: Skipped
no CUDA device/driver available

/home/julian/code/cpp/cajeta-two/test/xpu/XpuNvptxEmitTests.cpp:378: Skipped
ptxas not found; skipping cubin assembly

[==========] 11 tests from 1 test suite ran. (94102 ms total)
[  PASSED  ] 9 tests.
[  SKIPPED ] 2 tests.
[==========] 9 tests from 1 test suite ran. (0 ms total)
[  PASSED  ] 9 tests.
[==========] 9 tests from 1 test suite ran. (272356 ms total)
[  PASSED  ] 9 tests.
[==========] 7 tests from 1 test suite ran. (207254 ms total)
[  PASSED  ] 7 tests.
[==========] 6 tests from 1 test suite ran. (180545 ms total)
[  PASSED  ] 6 tests.
[==========] 6 tests from 1 test suite ran. (178978 ms total)
[  PASSED  ] 6 tests.
[CajetaException @ codegen] CAJETA_ERROR_ENCODING_ENCODE_MISSING: @Encoding synthesizer: encoder class `test.Enc` has no `public static byte[] encode(T)` method with T = `test.M`. Add one, or remove @Encoding from `test.M`.  (method=toBytes)
[CajetaException] CAJETA_ERROR_ENCODING_ENCODER_NOT_FOUND: @Encoding on `test.M`: encoder class `NonExistent` not found
[==========] 5 tests from 1 test suite ran. (120188 ms total)
[  PASSED  ] 5 tests.
[==========] 4 tests from 1 test suite ran. (104877 ms total)
[  PASSED  ] 4 tests.
[CajetaException] CAJETA_ERROR_TYPE: destructor name `~Foo` must match the enclosing class name (expected `~Bar`)
[==========] 4 tests from 1 test suite ran. (91613 ms total)
[  PASSED  ] 4 tests.
[==========] 3 tests from 1 test suite ran. (34766 ms total)
[  PASSED  ] 3 tests.
[==========] 3 tests from 1 test suite ran. (60073 ms total)
[  PASSED  ] 3 tests.
[==========] 2 tests from 1 test suite ran. (39500 ms total)
[  PASSED  ] 2 tests.
[==========] 1 test from 1 test suite ran. (0 ms total)
[  PASSED  ] 1 test.
