[==========] 23 tests from 1 test suite ran. (2 ms total)
[  PASSED  ] 23 tests.
[CajetaException @ codegen] CAJETA_ERROR_USE_AFTER_MOVE: use-after-move: identifier 'arr' was transferred via `#` and cannot be read here  (method=run)
[CajetaException @ codegen] CAJETA_ERROR_BORROW_ESCAPE: cannot return closure 'fn' — it captures one or more outer locals by borrow, and those borrows would dangle past the function return; transfer the captures via `#name` to give the closure ownership it can carry past this scope  (method=mkFn)
[CajetaException @ codegen] CAJETA_ERROR_BORROW_ESCAPE: cannot return this lambda — it captures one or more outer locals by borrow, and those borrows would dangle past the function return; transfer the captures via `#name` to give the closure ownership it can carry past this scope  (method=mkFn)
[CajetaException @ codegen] CAJETA_ERROR_USE_AFTER_MOVE: use-after-move: identifier 'arr' was transferred via `#` and cannot be read here  (method=run)
[CajetaException @ codegen] CAJETA_ERROR_USE_AFTER_MOVE: use-after-move: identifier 'arr' was transferred via `#` and cannot be read here  (method=run)
[==========] 20 tests from 1 test suite ran. (563180 ms total)
[  PASSED  ] 20 tests.
[==========] 15 tests from 1 test suite ran. (3 ms total)
[  PASSED  ] 15 tests.
[==========] 13 tests from 1 test suite ran. (174093 ms total)
[  PASSED  ] 13 tests.
[==========] 10 tests from 1 test suite ran. (301063 ms total)
[  PASSED  ] 10 tests.
[==========] 8 tests from 1 test suite ran. (250662 ms total)
[  PASSED  ] 8 tests.
[==========] 7 tests from 1 test suite ran. (214987 ms total)
[  PASSED  ] 7 tests.
[==========] 6 tests from 1 test suite ran. (183597 ms total)
[  PASSED  ] 6 tests.
[==========] 6 tests from 1 test suite ran. (178447 ms total)
[  PASSED  ] 6 tests.
[==========] 5 tests from 1 test suite ran. (136137 ms total)
[  PASSED  ] 5 tests.
[==========] 5 tests from 1 test suite ran. (146390 ms total)
[  PASSED  ] 5 tests.
[==========] 4 tests from 1 test suite ran. (0 ms total)
[  PASSED  ] 4 tests.
[==========] 3 tests from 1 test suite ran. (78405 ms total)
[  PASSED  ] 3 tests.
[==========] 2 tests from 1 test suite ran. (0 ms total)
[  PASSED  ] 2 tests.
[==========] 2 tests from 1 test suite ran. (46015 ms total)
[  PASSED  ] 2 tests.
[==========] 1 test from 1 test suite ran. (0 ms total)
[  PASSED  ] 1 test.
