>>> BATCH-FALLBACK ToffeeSpatialIndexDeviceTests (suite process exit 139; re-running 42 test(s) individually)
>> ToffeeSpatialIndexDeviceTests.fixedRadiusCountOnDevice ... CRASH (exit 139)

cajeta: SIGSEGV caught — fault addr 0x8
cajeta: carrier=-1 fiber=0
build/test/cajeta_test(+0x25db53e) [0x5e89992da53e]
/usr/lib/x86_64-linux-gnu/libc.so.6(+0x45cb0) [0x7912fa045cb0]
build/test/cajeta_test(+0x1885d6a) [0x5e8998584d6a]
build/test/cajeta_test(_ZN6cajeta14CallExpression12generateCodeESt10shared_ptrINS_12CajetaModuleEE+0x2757) [0x5e8998e35de7]
build/test/cajeta_test(_ZN6cajeta19ExpressionStatement12generateCodeESt10shared_ptrINS_12CajetaModuleEE+0x62b) [0x5e8999318175]
build/test/cajeta_test(_ZN6cajeta5Block12generateCodeESt10shared_ptrINS_12CajetaModuleEE+0x1bc) [0x5e899930ad16]
build/test/cajeta_test(_ZN6cajeta6Method12generateCodeEv+0x3a0f) [0x5e89990f0309]
build/test/cajeta_test(+0x1a54256) [0x5e8998753256]
build/test/cajeta_test(_ZN11cajeta_test9CajetaJit7compileERKSt3mapINSt7__cxx1112basic_stringIcSt11char_traitsIcESaIcEEES7_St4lessIS7_ESaISt4pairIKS7_S7_EEERSB_RKNS0_7OptionsE+0xbee) [0x5e8998756ac6]
build/test/cajeta_test(_ZN59ToffeeSpatialIndexDeviceTests_fixedRadiusCountOnDevice_Test8TestBodyEv+0x2ff) [0x5e8998b9e971]
build/test/cajeta_test(_ZN7testing8internal35HandleExceptionsInMethodIfSupportedINS_4TestEvEET0_PT_MS4_FS3_vEPKc+0x87) [0x5e89993eaeb7]
build/test/cajeta_test(_ZN7testing4Test3RunEv+0xee) [0x5e89993d1dee]
build/test/cajeta_test(_ZN7testing8TestInfo3RunEv+0x165) [0x5e89993d1f75]
build/test/cajeta_test(_ZN7testing9TestSuite3RunEv+0x1d7) [0x5e89993dcd87]
build/test/cajeta_test(_ZN7testing8internal12UnitTestImpl11RunAllTestsEv+0x5ec) [0x5e89993e1efc]
build/test/cajeta_test(_ZN7testing8internal35HandleExceptionsInMethodIfSupportedINS0_12UnitTestImplEbEET0_PT_MS4_FS3_vEPKc+0x87) [0x5e89993eb517]
build/test/cajeta_test(_ZN7testing8UnitTest3RunEv+0x8a) [0x5e89993d200a]
build/test/cajeta_test(_Z13RUN_ALL_TESTSv+0x15) [0x5e899876f25c]
build/test/cajeta_test(main+0x2b) [0x5e899876f230]
/usr/lib/x86_64-linux-gnu/libc.so.6(+0x2a601) [0x7912fa02a601]
/usr/lib/x86_64-linux-gnu/libc.so.6(__libc_start_main+0x88) [0x7912fa02a718]
build/test/cajeta_test(_start+0x25) [0x5e8998295525]
cajeta: drop chain (head first, 32 entries max shown):
>>> CRASH ToffeeSpatialIndexDeviceTests.fixedRadiusCountOnDevice (exit 139)
>> ToffeeSpatialIndexDeviceTests.exactL2RefinementOnDevice ... CRASH (exit 139)

cajeta: SIGSEGV caught — fault addr 0x8
cajeta: carrier=-1 fiber=0
build/test/cajeta_test(+0x25db53e) [0x55c9109eb53e]
/usr/lib/x86_64-linux-gnu/libc.so.6(+0x45cb0) [0x79f87a645cb0]
build/test/cajeta_test(+0x1885d6a) [0x55c90fc95d6a]
build/test/cajeta_test(_ZN6cajeta14CallExpression12generateCodeESt10shared_ptrINS_12CajetaModuleEE+0x2757) [0x55c910546de7]
build/test/cajeta_test(_ZN6cajeta19ExpressionStatement12generateCodeESt10shared_ptrINS_12CajetaModuleEE+0x62b) [0x55c910a29175]
build/test/cajeta_test(_ZN6cajeta5Block12generateCodeESt10shared_ptrINS_12CajetaModuleEE+0x1bc) [0x55c910a1bd16]
build/test/cajeta_test(_ZN6cajeta6Method12generateCodeEv+0x3a0f) [0x55c910801309]
build/test/cajeta_test(+0x1a54256) [0x55c90fe64256]
build/test/cajeta_test(_ZN11cajeta_test9CajetaJit7compileERKSt3mapINSt7__cxx1112basic_stringIcSt11char_traitsIcESaIcEEES7_St4lessIS7_ESaISt4pairIKS7_S7_EEERSB_RKNS0_7OptionsE+0xbee) [0x55c90fe67ac6]
build/test/cajeta_test(_ZN60ToffeeSpatialIndexDeviceTests_exactL2RefinementOnDevice_Test8TestBodyEv+0x2ff) [0x55c9102b0381]
build/test/cajeta_test(_ZN7testing8internal35HandleExceptionsInMethodIfSupportedINS_4TestEvEET0_PT_MS4_FS3_vEPKc+0x87) [0x55c910afbeb7]
build/test/cajeta_test(_ZN7testing4Test3RunEv+0xee) [0x55c910ae2dee]
build/test/cajeta_test(_ZN7testing8TestInfo3RunEv+0x165) [0x55c910ae2f75]
build/test/cajeta_test(_ZN7testing9TestSuite3RunEv+0x1d7) [0x55c910aedd87]
build/test/cajeta_test(_ZN7testing8internal12UnitTestImpl11RunAllTestsEv+0x5ec) [0x55c910af2efc]
build/test/cajeta_test(_ZN7testing8internal35HandleExceptionsInMethodIfSupportedINS0_12UnitTestImplEbEET0_PT_MS4_FS3_vEPKc+0x87) [0x55c910afc517]
build/test/cajeta_test(_ZN7testing8UnitTest3RunEv+0x8a) [0x55c910ae300a]
build/test/cajeta_test(_Z13RUN_ALL_TESTSv+0x15) [0x55c90fe8025c]
build/test/cajeta_test(main+0x2b) [0x55c90fe80230]
/usr/lib/x86_64-linux-gnu/libc.so.6(+0x2a601) [0x79f87a62a601]
/usr/lib/x86_64-linux-gnu/libc.so.6(__libc_start_main+0x88) [0x79f87a62a718]
build/test/cajeta_test(_start+0x25) [0x55c90f9a6525]
cajeta: drop chain (head first, 32 entries max shown):
>>> CRASH ToffeeSpatialIndexDeviceTests.exactL2RefinementOnDevice (exit 139)
>> ToffeeSpatialIndexDeviceTests.nearestHitOnCpuSoftwareBvh ... PASS
[==========] 1 test from 1 test suite ran. (22200 ms total)
[  PASSED  ] 1 test.
>> ToffeeSpatialIndexDeviceTests.candidateGettersOnCpuSoftwareBvh ... PASS
[==========] 1 test from 1 test suite ran. (21387 ms total)
[  PASSED  ] 1 test.
>> ToffeeSpatialIndexDeviceTests.frontFaceOnCpuSoftwareBvh ... PASS
[==========] 1 test from 1 test suite ran. (20213 ms total)
[  PASSED  ] 1 test.
>> ToffeeSpatialIndexDeviceTests.frontFaceOnDevice ... PASS
[==========] 1 test from 1 test suite ran. (23602 ms total)
[  PASSED  ] 1 test.
>> ToffeeSpatialIndexDeviceTests.candidateGettersOnDevice ... PASS
[==========] 1 test from 1 test suite ran. (21594 ms total)
[  PASSED  ] 1 test.
>> ToffeeSpatialIndexDeviceTests.nearestHitOnDevice ... PASS
[==========] 1 test from 1 test suite ran. (22159 ms total)
[  PASSED  ] 1 test.
>> ToffeeSpatialIndexDeviceTests.triangleRayQueryOnCpuSoftwareBvh ... PASS
line 36:76 extraneous input 'u' expecting ')'
line 36:76 extraneous input 'u' expecting ')'
[==========] 1 test from 1 test suite ran. (20712 ms total)
[  PASSED  ] 1 test.
>> ToffeeSpatialIndexDeviceTests.triangleRayQueryOnDevice ... PASS
line 36:76 extraneous input 'u' expecting ')'
line 36:76 extraneous input 'u' expecting ')'
[==========] 1 test from 1 test suite ran. (22659 ms total)
[  PASSED  ] 1 test.
>> ToffeeSpatialIndexDeviceTests.minimalRayQueryOnCpuSoftwareBvh ... PASS
[==========] 1 test from 1 test suite ran. (21706 ms total)
[  PASSED  ] 1 test.
>> ToffeeSpatialIndexDeviceTests.fixedRadiusCountOnCpuSoftwareBvh ... CRASH (exit 139)

cajeta: SIGSEGV caught — fault addr 0x8
cajeta: carrier=-1 fiber=0
build/test/cajeta_test(+0x25db53e) [0x5858bd85a53e]
/usr/lib/x86_64-linux-gnu/libc.so.6(+0x45cb0) [0x7e1f75845cb0]
build/test/cajeta_test(+0x1885d6a) [0x5858bcb04d6a]
build/test/cajeta_test(_ZN6cajeta14CallExpression12generateCodeESt10shared_ptrINS_12CajetaModuleEE+0x2757) [0x5858bd3b5de7]
build/test/cajeta_test(_ZN6cajeta19ExpressionStatement12generateCodeESt10shared_ptrINS_12CajetaModuleEE+0x62b) [0x5858bd898175]
build/test/cajeta_test(_ZN6cajeta5Block12generateCodeESt10shared_ptrINS_12CajetaModuleEE+0x1bc) [0x5858bd88ad16]
build/test/cajeta_test(_ZN6cajeta6Method12generateCodeEv+0x3a0f) [0x5858bd670309]
build/test/cajeta_test(+0x1a54256) [0x5858bccd3256]
build/test/cajeta_test(_ZN11cajeta_test9CajetaJit7compileERKSt3mapINSt7__cxx1112basic_stringIcSt11char_traitsIcESaIcEEES7_St4lessIS7_ESaISt4pairIKS7_S7_EEERSB_RKNS0_7OptionsE+0xbee) [0x5858bccd6ac6]
build/test/cajeta_test(_ZN67ToffeeSpatialIndexDeviceTests_fixedRadiusCountOnCpuSoftwareBvh_Test8TestBodyEv+0x265) [0x5858bd124917]
build/test/cajeta_test(_ZN7testing8internal35HandleExceptionsInMethodIfSupportedINS_4TestEvEET0_PT_MS4_FS3_vEPKc+0x87) [0x5858bd96aeb7]
build/test/cajeta_test(_ZN7testing4Test3RunEv+0xee) [0x5858bd951dee]
build/test/cajeta_test(_ZN7testing8TestInfo3RunEv+0x165) [0x5858bd951f75]
build/test/cajeta_test(_ZN7testing9TestSuite3RunEv+0x1d7) [0x5858bd95cd87]
build/test/cajeta_test(_ZN7testing8internal12UnitTestImpl11RunAllTestsEv+0x5ec) [0x5858bd961efc]
build/test/cajeta_test(_ZN7testing8internal35HandleExceptionsInMethodIfSupportedINS0_12UnitTestImplEbEET0_PT_MS4_FS3_vEPKc+0x87) [0x5858bd96b517]
build/test/cajeta_test(_ZN7testing8UnitTest3RunEv+0x8a) [0x5858bd95200a]
build/test/cajeta_test(_Z13RUN_ALL_TESTSv+0x15) [0x5858bccef25c]
build/test/cajeta_test(main+0x2b) [0x5858bccef230]
/usr/lib/x86_64-linux-gnu/libc.so.6(+0x2a601) [0x7e1f7582a601]
/usr/lib/x86_64-linux-gnu/libc.so.6(__libc_start_main+0x88) [0x7e1f7582a718]
build/test/cajeta_test(_start+0x25) [0x5858bc815525]
cajeta: drop chain (head first, 32 entries max shown):
>>> CRASH ToffeeSpatialIndexDeviceTests.fixedRadiusCountOnCpuSoftwareBvh (exit 139)
>> ToffeeSpatialIndexDeviceTests.exactL2RefinementOnCpuSoftwareBvh ... CRASH (exit 139)

cajeta: SIGSEGV caught — fault addr 0x8
cajeta: carrier=-1 fiber=0
build/test/cajeta_test(+0x25db53e) [0x55b52444953e]
/usr/lib/x86_64-linux-gnu/libc.so.6(+0x45cb0) [0x759948c45cb0]
build/test/cajeta_test(+0x1885d6a) [0x55b5236f3d6a]
build/test/cajeta_test(_ZN6cajeta14CallExpression12generateCodeESt10shared_ptrINS_12CajetaModuleEE+0x2757) [0x55b523fa4de7]
build/test/cajeta_test(_ZN6cajeta19ExpressionStatement12generateCodeESt10shared_ptrINS_12CajetaModuleEE+0x62b) [0x55b524487175]
build/test/cajeta_test(_ZN6cajeta5Block12generateCodeESt10shared_ptrINS_12CajetaModuleEE+0x1bc) [0x55b524479d16]
build/test/cajeta_test(_ZN6cajeta6Method12generateCodeEv+0x3a0f) [0x55b52425f309]
build/test/cajeta_test(+0x1a54256) [0x55b5238c2256]
build/test/cajeta_test(_ZN11cajeta_test9CajetaJit7compileERKSt3mapINSt7__cxx1112basic_stringIcSt11char_traitsIcESaIcEEES7_St4lessIS7_ESaISt4pairIKS7_S7_EEERSB_RKNS0_7OptionsE+0xbee) [0x55b5238c5ac6]
build/test/cajeta_test(_ZN68ToffeeSpatialIndexDeviceTests_exactL2RefinementOnCpuSoftwareBvh_Test8TestBodyEv+0x265) [0x55b523d14245]
build/test/cajeta_test(_ZN7testing8internal35HandleExceptionsInMethodIfSupportedINS_4TestEvEET0_PT_MS4_FS3_vEPKc+0x87) [0x55b524559eb7]
build/test/cajeta_test(_ZN7testing4Test3RunEv+0xee) [0x55b524540dee]
build/test/cajeta_test(_ZN7testing8TestInfo3RunEv+0x165) [0x55b524540f75]
build/test/cajeta_test(_ZN7testing9TestSuite3RunEv+0x1d7) [0x55b52454bd87]
build/test/cajeta_test(_ZN7testing8internal12UnitTestImpl11RunAllTestsEv+0x5ec) [0x55b524550efc]
build/test/cajeta_test(_ZN7testing8internal35HandleExceptionsInMethodIfSupportedINS0_12UnitTestImplEbEET0_PT_MS4_FS3_vEPKc+0x87) [0x55b52455a517]
build/test/cajeta_test(_ZN7testing8UnitTest3RunEv+0x8a) [0x55b52454100a]
build/test/cajeta_test(_Z13RUN_ALL_TESTSv+0x15) [0x55b5238de25c]
build/test/cajeta_test(main+0x2b) [0x55b5238de230]
/usr/lib/x86_64-linux-gnu/libc.so.6(+0x2a601) [0x759948c2a601]
/usr/lib/x86_64-linux-gnu/libc.so.6(__libc_start_main+0x88) [0x759948c2a718]
build/test/cajeta_test(_start+0x25) [0x55b523404525]
cajeta: drop chain (head first, 32 entries max shown):
>>> CRASH ToffeeSpatialIndexDeviceTests.exactL2RefinementOnCpuSoftwareBvh (exit 139)
>> ToffeeSpatialIndexDeviceTests.autoRecordsNativeImplOnDevice ... PASS
[==========] 1 test from 1 test suite ran. (22090 ms total)
[  PASSED  ] 1 test.
>> ToffeeSpatialIndexDeviceTests.minimalRayQueryOnDevice ... PASS
[==========] 1 test from 1 test suite ran. (23037 ms total)
[  PASSED  ] 1 test.
>> ToffeeSpatialIndexDeviceTests.forcedSoftwareOfApiOnDevice ... PASS
[==========] 1 test from 1 test suite ran. (23350 ms total)
[  PASSED  ] 1 test.
>> ToffeeSpatialIndexDeviceTests.forcedNativeOfApiOnDevice ... PASS
[==========] 1 test from 1 test suite ran. (23585 ms total)
[  PASSED  ] 1 test.
>> ToffeeSpatialIndexDeviceTests.minimalRayQueryOnNvptxSoftwareBvh ... PASS
/home/julian/code/cpp/cajeta-two/test/xpu/ToffeeSpatialIndexDeviceTests.cpp:986: Skipped
no CUDA device/driver available

[==========] 1 test from 1 test suite ran. (0 ms total)
[  PASSED  ] 0 tests.
[  SKIPPED ] 1 test.
>> ToffeeSpatialIndexDeviceTests.triangleRayQueryOnNvptxSoftwareBvh ... PASS
/home/julian/code/cpp/cajeta-two/test/xpu/ToffeeSpatialIndexDeviceTests.cpp:1003: Skipped
no CUDA device/driver available

[==========] 1 test from 1 test suite ran. (0 ms total)
[  PASSED  ] 0 tests.
[  SKIPPED ] 1 test.
>> ToffeeSpatialIndexDeviceTests.nearestHitOnNvptxSoftwareBvh ... PASS
/home/julian/code/cpp/cajeta-two/test/xpu/ToffeeSpatialIndexDeviceTests.cpp:1020: Skipped
no CUDA device/driver available

[==========] 1 test from 1 test suite ran. (0 ms total)
[  PASSED  ] 0 tests.
[  SKIPPED ] 1 test.
>> ToffeeSpatialIndexDeviceTests.candidateGettersOnNvptxSoftwareBvh ... PASS
/home/julian/code/cpp/cajeta-two/test/xpu/ToffeeSpatialIndexDeviceTests.cpp:1037: Skipped
no CUDA device/driver available

[==========] 1 test from 1 test suite ran. (0 ms total)
[  PASSED  ] 0 tests.
[  SKIPPED ] 1 test.
>> ToffeeSpatialIndexDeviceTests.frontFaceOnNvptxSoftwareBvh ... PASS
/home/julian/code/cpp/cajeta-two/test/xpu/ToffeeSpatialIndexDeviceTests.cpp:1054: Skipped
no CUDA device/driver available

[==========] 1 test from 1 test suite ran. (0 ms total)
[  PASSED  ] 0 tests.
[  SKIPPED ] 1 test.
>> ToffeeSpatialIndexDeviceTests.optixRecordsImplOnNvptxDevice ... PASS
/home/julian/code/cpp/cajeta-two/test/xpu/ToffeeSpatialIndexDeviceTests.cpp:1103: Skipped
no CUDA device/driver available

[==========] 1 test from 1 test suite ran. (0 ms total)
[  PASSED  ] 0 tests.
[  SKIPPED ] 1 test.
>> ToffeeSpatialIndexDeviceTests.multiImplAsRecordsSoftwareAndOptix ... PASS
/home/julian/code/cpp/cajeta-two/test/xpu/ToffeeSpatialIndexDeviceTests.cpp:1147: Skipped
no CUDA device/driver available

[==========] 1 test from 1 test suite ran. (0 ms total)
[  PASSED  ] 0 tests.
[  SKIPPED ] 1 test.
>> ToffeeSpatialIndexDeviceTests.multiImplAsSoftwareOnlyUnderAuto ... PASS
/home/julian/code/cpp/cajeta-two/test/xpu/ToffeeSpatialIndexDeviceTests.cpp:1173: Skipped
no CUDA device/driver available

[==========] 1 test from 1 test suite ran. (0 ms total)
[  PASSED  ] 0 tests.
[  SKIPPED ] 1 test.
>> ToffeeSpatialIndexDeviceTests.sameAsTwoKernelsSelectsPerLaunch ... PASS
/home/julian/code/cpp/cajeta-two/test/xpu/ToffeeSpatialIndexDeviceTests.cpp:1287: Skipped
no CUDA device/driver available

[==========] 1 test from 1 test suite ran. (0 ms total)
[  PASSED  ] 0 tests.
[  SKIPPED ] 1 test.
>> ToffeeSpatialIndexDeviceTests.forcedOptixUnsupportedShapeFallsBackToSoftware ... PASS
/home/julian/code/cpp/cajeta-two/test/xpu/ToffeeSpatialIndexDeviceTests.cpp:1360: Skipped
no CUDA device/driver available

[==========] 1 test from 1 test suite ran. (0 ms total)
[  PASSED  ] 0 tests.
[  SKIPPED ] 1 test.
>> ToffeeSpatialIndexDeviceTests.autoRecordsSoftwareImplOnNvptxDevice ... PASS
/home/julian/code/cpp/cajeta-two/test/xpu/ToffeeSpatialIndexDeviceTests.cpp:1387: Skipped
no CUDA device/driver available

[==========] 1 test from 1 test suite ran. (0 ms total)
[  PASSED  ] 0 tests.
[  SKIPPED ] 1 test.
>> ToffeeSpatialIndexDeviceTests.softwareOnlyConsumerSkipsOptixBuild ... PASS
/home/julian/code/cpp/cajeta-two/test/xpu/ToffeeSpatialIndexDeviceTests.cpp:1470: Skipped
no CUDA device/driver available

[==========] 1 test from 1 test suite ran. (0 ms total)
[  PASSED  ] 0 tests.
[  SKIPPED ] 1 test.
>> ToffeeSpatialIndexDeviceTests.lazyOptixBuiltOnFirstNativeLaunch ... PASS
/home/julian/code/cpp/cajeta-two/test/xpu/ToffeeSpatialIndexDeviceTests.cpp:1553: Skipped
no CUDA device/driver available

[==========] 1 test from 1 test suite ran. (0 ms total)
[  PASSED  ] 0 tests.
[  SKIPPED ] 1 test.
>> ToffeeSpatialIndexDeviceTests.dropSoftwareFloorHintHonored ... PASS
/home/julian/code/cpp/cajeta-two/test/xpu/ToffeeSpatialIndexDeviceTests.cpp:1640: Skipped
no CUDA device/driver available

[==========] 1 test from 1 test suite ran. (0 ms total)
[  PASSED  ] 0 tests.
[  SKIPPED ] 1 test.
>> ToffeeSpatialIndexDeviceTests.autoPrefersOptixForTriangleShape ... PASS
/home/julian/code/cpp/cajeta-two/test/xpu/ToffeeSpatialIndexDeviceTests.cpp:1723: Skipped
no CUDA device/driver available

[==========] 1 test from 1 test suite ran. (0 ms total)
[  PASSED  ] 0 tests.
[  SKIPPED ] 1 test.
>> ToffeeSpatialIndexDeviceTests.aabbCountRayQueryOnOptixDevice ... PASS
/home/julian/code/cpp/cajeta-two/test/xpu/ToffeeSpatialIndexDeviceTests.cpp:1755: Skipped
no CUDA device/driver available

[==========] 1 test from 1 test suite ran. (0 ms total)
[  PASSED  ] 0 tests.
[  SKIPPED ] 1 test.
>> ToffeeSpatialIndexDeviceTests.nearestHitRayQueryOnOptixDevice ... PASS
/home/julian/code/cpp/cajeta-two/test/xpu/ToffeeSpatialIndexDeviceTests.cpp:1778: Skipped
no CUDA device/driver available

[==========] 1 test from 1 test suite ran. (0 ms total)
[  PASSED  ] 0 tests.
[  SKIPPED ] 1 test.
>> ToffeeSpatialIndexDeviceTests.candidateGettersRayQueryOnOptixDevice ... PASS
/home/julian/code/cpp/cajeta-two/test/xpu/ToffeeSpatialIndexDeviceTests.cpp:1802: Skipped
no CUDA device/driver available

[==========] 1 test from 1 test suite ran. (0 ms total)
[  PASSED  ] 0 tests.
[  SKIPPED ] 1 test.
>> ToffeeSpatialIndexDeviceTests.triangleCountRayQueryOnOptixDevice ... PASS
/home/julian/code/cpp/cajeta-two/test/xpu/ToffeeSpatialIndexDeviceTests.cpp:1825: Skipped
no CUDA device/driver available

[==========] 1 test from 1 test suite ran. (0 ms total)
[  PASSED  ] 0 tests.
[  SKIPPED ] 1 test.
>> ToffeeSpatialIndexDeviceTests.frontFaceRayQueryOnOptixDevice ... PASS
/home/julian/code/cpp/cajeta-two/test/xpu/ToffeeSpatialIndexDeviceTests.cpp:1842: Skipped
no CUDA device/driver available

[==========] 1 test from 1 test suite ran. (0 ms total)
[  PASSED  ] 0 tests.
[  SKIPPED ] 1 test.
>> ToffeeSpatialIndexDeviceTests.minimalRayQueryOnAmdSoftwareBvh ... PASS
[==========] 1 test from 1 test suite ran. (21877 ms total)
[  PASSED  ] 1 test.
>> ToffeeSpatialIndexDeviceTests.triangleRayQueryOnAmdSoftwareBvh ... PASS
line 36:76 extraneous input 'u' expecting ')'
line 36:76 extraneous input 'u' expecting ')'
[==========] 1 test from 1 test suite ran. (23455 ms total)
[  PASSED  ] 1 test.
>> ToffeeSpatialIndexDeviceTests.nearestHitOnAmdSoftwareBvh ... PASS
[==========] 1 test from 1 test suite ran. (22739 ms total)
[  PASSED  ] 1 test.
>> ToffeeSpatialIndexDeviceTests.candidateGettersOnAmdSoftwareBvh ... PASS
[==========] 1 test from 1 test suite ran. (21577 ms total)
[  PASSED  ] 1 test.
>> ToffeeSpatialIndexDeviceTests.frontFaceOnAmdSoftwareBvh ... PASS
[==========] 1 test from 1 test suite ran. (22690 ms total)
[  PASSED  ] 1 test.
[==========] 17 tests from 1 test suite ran. (0 ms total)
[  PASSED  ] 17 tests.
[==========] 12 tests from 1 test suite ran. (175053 ms total)
[  PASSED  ] 12 tests.
[==========] 11 tests from 1 test suite ran. (2 ms total)
[  PASSED  ] 11 tests.
[==========] 8 tests from 1 test suite ran. (237390 ms total)
[  PASSED  ] 8 tests.
[==========] 7 tests from 1 test suite ran. (215191 ms total)
[  PASSED  ] 7 tests.
[==========] 6 tests from 1 test suite ran. (179279 ms total)
[  PASSED  ] 6 tests.
[==========] 6 tests from 1 test suite ran. (45 ms total)
[  PASSED  ] 6 tests.
[CajetaException] CAJETA_ERROR_UNKNOWN_TYPE: unknown field type 'DefinitelyNotDeclared' on declaration 'nope'; not a primitive, native, or user-defined type
[==========] 5 tests from 1 test suite ran. (109659 ms total)
[  PASSED  ] 5 tests.
[==========] 4 tests from 1 test suite ran. (36193 ms total)
[  PASSED  ] 4 tests.
[==========] 4 tests from 1 test suite ran. (113499 ms total)
[  PASSED  ] 4 tests.
[==========] 3 tests from 1 test suite ran. (38790 ms total)
[  PASSED  ] 3 tests.
[==========] 3 tests from 1 test suite ran. (83047 ms total)
[  PASSED  ] 3 tests.
[==========] 2 tests from 1 test suite ran. (51223 ms total)
[  PASSED  ] 2 tests.
[==========] 1 test from 1 test suite ran. (22677 ms total)
[  PASSED  ] 1 test.
