[==========] 24 tests from 1 test suite ran. (747640 ms total)
[  PASSED  ] 24 tests.
[CajetaException @ codegen] CAJETA_ERROR_TYPE: cannot assign to 'counter' inside lambda — primitives are captured by value (the lambda holds a private copy); use a mutable wrapper if you need shared mutability  (method=run)
[CajetaException @ codegen] CAJETA_ERROR_TYPE: cannot assign to 'acc' inside lambda — primitives are captured by value (the lambda holds a private copy); use a mutable wrapper if you need shared mutability  (method=run)
[CajetaException @ codegen] CAJETA_ERROR_TYPE: cannot assign to 'counter' inside lambda — primitives are captured by value (the lambda holds a private copy); use a mutable wrapper if you need shared mutability  (method=run)
[CajetaException @ codegen] CAJETA_ERROR_TYPE: cannot assign to 'acc' inside lambda — primitives are captured by value (the lambda holds a private copy); use a mutable wrapper if you need shared mutability  (method=run)
[CajetaException @ codegen] CAJETA_ERROR_TYPE: cannot assign to 'sum' inside lambda — primitives are captured by value (the lambda holds a private copy); use a mutable wrapper if you need shared mutability  (method=run)
[==========] 20 tests from 1 test suite ran. (591381 ms total)
[  PASSED  ] 20 tests.
[==========] 15 tests from 1 test suite ran. (0 ms total)
[  PASSED  ] 15 tests.
exec 'aws': No such file or directory
exec 'az': No such file or directory
exec 'gsutil': No such file or directory
[==========] 12 tests from 1 test suite ran. (28 ms total)
[  PASSED  ] 12 tests.
[CajetaException @ codegen] CAJETA_ERROR_USE_AFTER_MOVE: use-after-move: identifier 's' was transferred via `#` and cannot be read here  (method=run)
[CajetaException @ codegen] CAJETA_ERROR_USE_AFTER_MOVE: use-after-move: identifier 's' was transferred via `#` and cannot be read here  (method=run)
[CajetaException @ codegen] CAJETA_ERROR_USE_AFTER_MOVE: use-after-move: identifier 's' was transferred via `#` and cannot be read here  (method=run)
[CajetaException @ codegen] CAJETA_ERROR_USE_AFTER_MOVE: use-after-move: identifier 's' was transferred via `#` and cannot be read here  (method=run)
[CajetaException @ codegen] CAJETA_ERROR_USE_AFTER_MOVE: use-after-move: identifier 's' was transferred via `#` and cannot be read here  (method=run)
[==========] 10 tests from 1 test suite ran. (285668 ms total)
[  PASSED  ] 10 tests.
[==========] 8 tests from 1 test suite ran. (243678 ms total)
[  PASSED  ] 8 tests.
[==========] 8 tests from 1 test suite ran. (0 ms total)
[  PASSED  ] 8 tests.
[CajetaException] CAJETA_ERROR_OVERRIDE_FROM_MISMATCH: @Override(from=Unrelated) on 'test.B::kind(pointer)' in class 'test.B': 'Unrelated' is not an ancestor of 'test.B'
[CajetaException] CAJETA_ERROR_OVERRIDE_FROM_MISMATCH: @Override(from=A) on 'test.B::stridee(pointer)' in class 'test.B': 'test.A' does not declare a method with matching name + parameters
[==========] 6 tests from 1 test suite ran. (134862 ms total)
[  PASSED  ] 6 tests.
[==========] 5 tests from 1 test suite ran. (0 ms total)
[  PASSED  ] 5 tests.
>>> BATCH-FALLBACK VectorTypeTests (suite process exit 139; re-running 5 test(s) individually)
>> VectorTypeTests.float4ResolvesAsBufferElement ... CRASH (exit 139)

cajeta: SIGSEGV caught — fault addr 0x118
cajeta: carrier=-1 fiber=0
build/test/cajeta_test(+0x25db53e) [0x62ddd33f253e]
/usr/lib/x86_64-linux-gnu/libc.so.6(+0x45cb0) [0x7e1456245cb0]
build/test/cajeta_test(_ZN6cajeta10CajetaType17hasValueSemanticsEv+0x10) [0x62ddd31f5420]
build/test/cajeta_test(_ZN6cajeta24LocalVariableDeclaration12generateCodeESt10shared_ptrINS_12CajetaModuleEE+0x9b) [0x62ddd3424faf]
build/test/cajeta_test(_ZN6cajeta5Block12generateCodeESt10shared_ptrINS_12CajetaModuleEE+0x1bc) [0x62ddd3422d16]
build/test/cajeta_test(_ZN6cajeta6Method12generateCodeEv+0x3a0f) [0x62ddd3208309]
build/test/cajeta_test(+0x1a54256) [0x62ddd286b256]
build/test/cajeta_test(_ZN11cajeta_test9CajetaJit7compileERKSt3mapINSt7__cxx1112basic_stringIcSt11char_traitsIcESaIcEEES7_St4lessIS7_ESaISt4pairIKS7_S7_EEERSB_RKNS0_7OptionsE+0xbee) [0x62ddd286eac6]
build/test/cajeta_test(_ZN11cajeta_test9CajetaJit7compileERKNSt7__cxx1112basic_stringIcSt11char_traitsIcESaIcEEES8_RKNS0_7OptionsE+0x67) [0x62ddd286d83b]
build/test/cajeta_test(_ZN11cajeta_test9CajetaJit7compileERKNSt7__cxx1112basic_stringIcSt11char_traitsIcESaIcEEES8_+0xb1) [0x62ddd286d713]
build/test/cajeta_test(+0x1e27f05) [0x62ddd2c3ef05]
build/test/cajeta_test(_ZN50VectorTypeTests_float4ResolvesAsBufferElement_Test8TestBodyEv+0xc8) [0x62ddd2c3f124]
build/test/cajeta_test(_ZN7testing8internal35HandleExceptionsInMethodIfSupportedINS_4TestEvEET0_PT_MS4_FS3_vEPKc+0x87) [0x62ddd3502eb7]
build/test/cajeta_test(_ZN7testing4Test3RunEv+0xee) [0x62ddd34e9dee]
build/test/cajeta_test(_ZN7testing8TestInfo3RunEv+0x165) [0x62ddd34e9f75]
build/test/cajeta_test(_ZN7testing9TestSuite3RunEv+0x1d7) [0x62ddd34f4d87]
build/test/cajeta_test(_ZN7testing8internal12UnitTestImpl11RunAllTestsEv+0x5ec) [0x62ddd34f9efc]
build/test/cajeta_test(_ZN7testing8internal35HandleExceptionsInMethodIfSupportedINS0_12UnitTestImplEbEET0_PT_MS4_FS3_vEPKc+0x87) [0x62ddd3503517]
build/test/cajeta_test(_ZN7testing8UnitTest3RunEv+0x8a) [0x62ddd34ea00a]
build/test/cajeta_test(_Z13RUN_ALL_TESTSv+0x15) [0x62ddd288725c]
build/test/cajeta_test(main+0x2b) [0x62ddd2887230]
/usr/lib/x86_64-linux-gnu/libc.so.6(+0x2a601) [0x7e145622a601]
/usr/lib/x86_64-linux-gnu/libc.so.6(__libc_start_main+0x88) [0x7e145622a718]
build/test/cajeta_test(_start+0x25) [0x62ddd23ad525]
cajeta: drop chain (head first, 32 entries max shown):
>>> CRASH VectorTypeTests.float4ResolvesAsBufferElement (exit 139)
>> VectorTypeTests.multipleShapesResolveDistinctly ... CRASH (exit 139)

cajeta: SIGSEGV caught — fault addr 0x118
cajeta: carrier=-1 fiber=0
build/test/cajeta_test(+0x25db53e) [0x62c9782b353e]
/usr/lib/x86_64-linux-gnu/libc.so.6(+0x45cb0) [0x7cf908e45cb0]
build/test/cajeta_test(_ZN6cajeta10CajetaType17hasValueSemanticsEv+0x10) [0x62c9780b6420]
build/test/cajeta_test(_ZN6cajeta24LocalVariableDeclaration12generateCodeESt10shared_ptrINS_12CajetaModuleEE+0x9b) [0x62c9782e5faf]
build/test/cajeta_test(_ZN6cajeta5Block12generateCodeESt10shared_ptrINS_12CajetaModuleEE+0x1bc) [0x62c9782e3d16]
build/test/cajeta_test(_ZN6cajeta6Method12generateCodeEv+0x3a0f) [0x62c9780c9309]
build/test/cajeta_test(+0x1a54256) [0x62c97772c256]
build/test/cajeta_test(_ZN11cajeta_test9CajetaJit7compileERKSt3mapINSt7__cxx1112basic_stringIcSt11char_traitsIcESaIcEEES7_St4lessIS7_ESaISt4pairIKS7_S7_EEERSB_RKNS0_7OptionsE+0xbee) [0x62c97772fac6]
build/test/cajeta_test(_ZN11cajeta_test9CajetaJit7compileERKNSt7__cxx1112basic_stringIcSt11char_traitsIcESaIcEEES8_RKNS0_7OptionsE+0x67) [0x62c97772e83b]
build/test/cajeta_test(_ZN11cajeta_test9CajetaJit7compileERKNSt7__cxx1112basic_stringIcSt11char_traitsIcESaIcEEES8_+0xb1) [0x62c97772e713]
build/test/cajeta_test(+0x1e27f05) [0x62c977afff05]
build/test/cajeta_test(_ZN52VectorTypeTests_multipleShapesResolveDistinctly_Test8TestBodyEv+0xc8) [0x62c977b003cc]
build/test/cajeta_test(_ZN7testing8internal35HandleExceptionsInMethodIfSupportedINS_4TestEvEET0_PT_MS4_FS3_vEPKc+0x87) [0x62c9783c3eb7]
build/test/cajeta_test(_ZN7testing4Test3RunEv+0xee) [0x62c9783aadee]
build/test/cajeta_test(_ZN7testing8TestInfo3RunEv+0x165) [0x62c9783aaf75]
build/test/cajeta_test(_ZN7testing9TestSuite3RunEv+0x1d7) [0x62c9783b5d87]
build/test/cajeta_test(_ZN7testing8internal12UnitTestImpl11RunAllTestsEv+0x5ec) [0x62c9783baefc]
build/test/cajeta_test(_ZN7testing8internal35HandleExceptionsInMethodIfSupportedINS0_12UnitTestImplEbEET0_PT_MS4_FS3_vEPKc+0x87) [0x62c9783c4517]
build/test/cajeta_test(_ZN7testing8UnitTest3RunEv+0x8a) [0x62c9783ab00a]
build/test/cajeta_test(_Z13RUN_ALL_TESTSv+0x15) [0x62c97774825c]
build/test/cajeta_test(main+0x2b) [0x62c977748230]
/usr/lib/x86_64-linux-gnu/libc.so.6(+0x2a601) [0x7cf908e2a601]
/usr/lib/x86_64-linux-gnu/libc.so.6(__libc_start_main+0x88) [0x7cf908e2a718]
build/test/cajeta_test(_start+0x25) [0x62c97726e525]
cajeta: drop chain (head first, 32 entries max shown):
>>> CRASH VectorTypeTests.multipleShapesResolveDistinctly (exit 139)
>> VectorTypeTests.nonNumericElementRejected ... PASS
[CajetaException] CAJETA_ERROR_VECTOR_ELEMENT_TYPE: Vector element type must be a non-bool numeric primitive (got 'test.Thing')
[==========] 1 test from 1 test suite ran. (8553 ms total)
[  PASSED  ] 1 test.
>> VectorTypeTests.boolElementRejected ... PASS
[CajetaException] CAJETA_ERROR_VECTOR_ELEMENT_TYPE: Vector element type must be a non-bool numeric primitive (got 'boolean')
[==========] 1 test from 1 test suite ran. (11322 ms total)
[  PASSED  ] 1 test.
>> VectorTypeTests.zeroLengthRejected ... PASS
[CajetaException] CAJETA_ERROR_VECTOR_LENGTH: Vector length N must be a positive integer constant (got 0)
[==========] 1 test from 1 test suite ran. (11268 ms total)
[  PASSED  ] 1 test.
[==========] 5 tests from 1 test suite ran. (138999 ms total)
[  PASSED  ] 5 tests.
[==========] 4 tests from 1 test suite ran. (81 ms total)
[  PASSED  ] 4 tests.
[==========] 3 tests from 1 test suite ran. (69710 ms total)
[  PASSED  ] 3 tests.
[==========] 3 tests from 1 test suite ran. (11 ms total)
[  PASSED  ] 3 tests.
[==========] 2 tests from 1 test suite ran. (37068 ms total)
[  PASSED  ] 2 tests.
