[==========] 24 tests from 1 test suite ran. (769825 ms total)
[  PASSED  ] 24 tests.
[==========] 19 tests from 1 test suite ran. (610972 ms total)
[  PASSED  ] 19 tests.
[==========] 15 tests from 1 test suite ran. (249644 ms total)
[  PASSED  ] 15 tests.
[==========] 13 tests from 1 test suite ran. (404711 ms total)
[  PASSED  ] 13 tests.
[==========] 10 tests from 1 test suite ran. (4 ms total)
[  PASSED  ] 10 tests.
/home/julian/code/cpp/cajeta-two/test/xpu/XpuCooperativeMatrixDeviceTests.cpp:215: Skipped
no CUDA device/driver available

/home/julian/code/cpp/cajeta-two/test/xpu/XpuCooperativeMatrixDeviceTests.cpp:304: Skipped
no CUDA device/driver available

[==========] 8 tests from 1 test suite ran. (87131 ms total)
[  PASSED  ] 6 tests.
[  SKIPPED ] 2 tests.
[==========] 7 tests from 1 test suite ran. (98424 ms total)
[  PASSED  ] 7 tests.
[==========] 7 tests from 1 test suite ran. (151 ms total)
[  PASSED  ] 7 tests.
/home/julian/code/cpp/cajeta-two/test/xpu/XpuDeviceCapabilityTests.cpp:108: Skipped
no CUDA device/driver available

/home/julian/code/cpp/cajeta-two/test/xpu/XpuDeviceCapabilityTests.cpp:117: Skipped
no CUDA device/driver available

[==========] 5 tests from 1 test suite ran. (71837 ms total)
[  PASSED  ] 3 tests.
[  SKIPPED ] 2 tests.
[==========] 5 tests from 1 test suite ran. (101024 ms total)
[  PASSED  ] 5 tests.
[==========] 5 tests from 1 test suite ran. (123837 ms total)
[  PASSED  ] 5 tests.
[==========] 4 tests from 1 test suite ran. (0 ms total)
[  PASSED  ] 4 tests.
[==========] 3 tests from 1 test suite ran. (66289 ms total)
[  PASSED  ] 3 tests.
[==========] 2 tests from 1 test suite ran. (0 ms total)
[  PASSED  ] 2 tests.
[==========] 2 tests from 1 test suite ran. (25493 ms total)
[  PASSED  ] 2 tests.
[==========] 1 test from 1 test suite ran. (0 ms total)
[  PASSED  ] 1 test.
