[==========] 32 tests from 1 test suite ran. (1063506 ms total)
[  PASSED  ] 32 tests.
[==========] 17 tests from 1 test suite ran. (550567 ms total)
[  PASSED  ] 17 tests.
[==========] 14 tests from 1 test suite ran. (188 ms total)
[  PASSED  ] 14 tests.
[==========] 11 tests from 1 test suite ran. (4 ms total)
[  PASSED  ] 11 tests.
[==========] 9 tests from 1 test suite ran. (273566 ms total)
[  PASSED  ] 9 tests.
[==========] 8 tests from 1 test suite ran. (235347 ms total)
[  PASSED  ] 8 tests.
[CajetaException @ codegen] CAJETA_ERROR_AUTOHASH_FIELD: @AutoHash on `test.HasArray`: field `xs` (type `int32[]`) cannot be auto-hashed — array-field hashing is not yet implemented in @AutoHash v1 (needs an element walk that bounds-checks at runtime); declare hash() manually on the enclosing class for now, or move the array out of the key  (method=hash)
[==========] 7 tests from 1 test suite ran. (192157 ms total)
[  PASSED  ] 7 tests.
[==========] 6 tests from 1 test suite ran. (142458 ms total)
[  PASSED  ] 6 tests.
[==========] 5 tests from 1 test suite ran. (115233 ms total)
[  PASSED  ] 5 tests.
[==========] 5 tests from 1 test suite ran. (0 ms total)
[  PASSED  ] 5 tests.
[==========] 4 tests from 1 test suite ran. (0 ms total)
[  PASSED  ] 4 tests.
[==========] 4 tests from 1 test suite ran. (122760 ms total)
[  PASSED  ] 4 tests.
[==========] 3 tests from 1 test suite ran. (103696 ms total)
[  PASSED  ] 3 tests.
[==========] 3 tests from 1 test suite ran. (55147 ms total)
[  PASSED  ] 3 tests.
line 9:20 no viable alternative at input 'W<int32> w ='
line 9:20 no viable alternative at input 'W<int32> w ='
line 9:20 no viable alternative at input 'W<int32> w ='
line 9:20 no viable alternative at input 'W<int32> w ='
[==========] 2 tests from 1 test suite ran. (30557 ms total)
[  PASSED  ] 2 tests.
[==========] 1 test from 1 test suite ran. (0 ms total)
[  PASSED  ] 1 test.
