[CajetaException @ codegen] CAJETA_ERROR_VECTOR_METHOD: Vector.cross requires 3-component vectors (got Vector<float32,2>)  (method=run)
[CajetaException @ codegen] CAJETA_ERROR_VECTOR_METHOD: Vector.min requires a floating-point element type (integer min/max is a follow-on)  (method=run)
[CajetaException @ codegen] CAJETA_ERROR_VECTOR_COMPONENT: swizzle '.xyz' references a lane out of range for Vector<...,2>  (method=run)
[CajetaException @ codegen] CAJETA_ERROR_VECTOR_COMPONENT: component '.w' is out of range for Vector<...,3>  (method=run)
[CajetaException @ codegen] CAJETA_ERROR_VECTOR_CONSTRUCT: Vector<...,4> needs 4 arguments (got 2)  (method=run)
[==========] 36 tests from 1 test suite ran. (1223960 ms total)
[  PASSED  ] 36 tests.
[==========] 17 tests from 1 test suite ran. (0 ms total)
[  PASSED  ] 17 tests.
[==========] 13 tests from 1 test suite ran. (414700 ms total)
[  PASSED  ] 13 tests.
[==========] 11 tests from 1 test suite ran. (1 ms total)
[  PASSED  ] 11 tests.
[==========] 9 tests from 1 test suite ran. (279683 ms total)
[  PASSED  ] 9 tests.
[==========] 8 tests from 1 test suite ran. (48327 ms total)
[  PASSED  ] 8 tests.
[==========] 7 tests from 1 test suite ran. (85636 ms total)
[  PASSED  ] 7 tests.
[==========] 6 tests from 1 test suite ran. (169266 ms total)
[  PASSED  ] 6 tests.
[==========] 5 tests from 1 test suite ran. (111764 ms total)
[  PASSED  ] 5 tests.
[==========] 5 tests from 1 test suite ran. (123170 ms total)
[  PASSED  ] 5 tests.
[==========] 4 tests from 1 test suite ran. (78967 ms total)
[  PASSED  ] 4 tests.
[==========] 3 tests from 1 test suite ran. (0 ms total)
[  PASSED  ] 3 tests.
[==========] 3 tests from 1 test suite ran. (67059 ms total)
[  PASSED  ] 3 tests.
[==========] 2 tests from 1 test suite ran. (24953 ms total)
[  PASSED  ] 2 tests.
[==========] 2 tests from 1 test suite ran. (71852 ms total)
[  PASSED  ] 2 tests.
