[==========] 24 tests from 1 test suite ran. (772335 ms total)
[  PASSED  ] 24 tests.
[==========] 19 tests from 1 test suite ran. (615453 ms total)
[  PASSED  ] 19 tests.
[==========] 15 tests from 1 test suite ran. (28 ms total)
[  PASSED  ] 15 tests.
[==========] 13 tests from 1 test suite ran. (401475 ms total)
[  PASSED  ] 13 tests.
[CajetaException @ codegen] CAJETA_ERROR_VIEW_ESCAPE: cannot return struct view 'h' — it aliases the buffer 'bytes' which is a function-scope local and would drop as this function returns, leaving the caller with a view of freed memory; allocate the buffer on the caller side and pass it in as a parameter, or have the function return the buffer instead of the view  (method=makeView)
[==========] 10 tests from 1 test suite ran. (300331 ms total)
[  PASSED  ] 10 tests.
[==========] 8 tests from 1 test suite ran. (228226 ms total)
[  PASSED  ] 8 tests.
[==========] 7 tests from 1 test suite ran. (58493 ms total)
[  PASSED  ] 7 tests.
[==========] 7 tests from 1 test suite ran. (1 ms total)
[  PASSED  ] 7 tests.
[==========] 5 tests from 1 test suite ran. (48138 ms total)
[  PASSED  ] 5 tests.
[==========] 5 tests from 1 test suite ran. (92416 ms total)
[  PASSED  ] 5 tests.
[==========] 5 tests from 1 test suite ran. (55355 ms total)
[  PASSED  ] 5 tests.
[==========] 4 tests from 1 test suite ran. (75768 ms total)
[  PASSED  ] 4 tests.
[CajetaException] CAJETA_ERROR_VALUE_TYPE_MUTATING_OPERATOR: @ValueType class 'test.Vec2' cannot declare the mutating operator 'operator[]='. Value types are by-value (Copy) — an in-place mutation through the receiver writes a copy and is lost. Fix: model the change as a static operator returning a fresh value (e.g. `operator[]=` -> a static op or a method returning a new instance). Read-only `operator[]` is allowed. See docs/OperatorOverloading.md and plans/value-type-overloading-plan.md.
[CajetaException] CAJETA_ERROR_VALUE_TYPE_MUTATING_OPERATOR: @ValueType class 'test.Counter' cannot declare the mutating operator 'operator++'. Value types are by-value (Copy) — an in-place mutation through the receiver writes a copy and is lost. Fix: model the change as a static operator returning a fresh value (e.g. `operator++` -> a static op or a method returning a new instance). Read-only `operator[]` is allowed. See docs/OperatorOverloading.md and plans/value-type-overloading-plan.md.
[==========] 3 tests from 1 test suite ran. (71281 ms total)
[  PASSED  ] 3 tests.
[==========] 0 tests from 0 test suites ran. (0 ms total)
[  PASSED  ] 0 tests.

  YOU HAVE 3 DISABLED TESTS

[==========] 2 tests from 1 test suite ran. (54938 ms total)
[  PASSED  ] 2 tests.
