[==========] 24 tests from 1 test suite ran. (0 ms total)
[  PASSED  ] 24 tests.
[==========] 19 tests from 1 test suite ran. (581142 ms total)
[  PASSED  ] 19 tests.
[==========] 16 tests from 1 test suite ran. (512107 ms total)
[  PASSED  ] 16 tests.
[==========] 12 tests from 1 test suite ran. (375821 ms total)
[  PASSED  ] 12 tests.
[==========] 10 tests from 1 test suite ran. (45 ms total)
[  PASSED  ] 10 tests.
[==========] 8 tests from 1 test suite ran. (28859 ms total)
[  PASSED  ] 8 tests.
[==========] 8 tests from 1 test suite ran. (0 ms total)
[  PASSED  ] 8 tests.
[==========] 6 tests from 1 test suite ran. (175919 ms total)
[  PASSED  ] 6 tests.
[==========] 5 tests from 1 test suite ran. (146071 ms total)
[  PASSED  ] 5 tests.
[CajetaException] CAJETA_ERROR_VALUE_TYPE: @ValueType field 'p' must be a primitive, Vector, or another @ValueType (got a non-POD type)
[CajetaException] CAJETA_ERROR_VALUE_TYPE: @ValueType cannot be applied to an interface
[CajetaException] CAJETA_ERROR_VALUE_TYPE: @ValueType class 'test.VtSub' must not inherit fields — value types are flat POD
[==========] 5 tests from 1 test suite ran. (100042 ms total)
[  PASSED  ] 5 tests.
[CajetaException @ codegen] CAJETA_ERROR_TRANSFER_REQUIRED: constructor `Holder` declares parameter `p` as `#T` (ownership transfer required); write `#p` at the call site to surrender ownership of the source local, or pass a fresh `heap T(...)` / `stack T(...)` construction. See docs/specification/lang/OwnershipTransfer.md.  (method=run)
[==========] 5 tests from 1 test suite ran. (139508 ms total)
[  PASSED  ] 5 tests.
[==========] 4 tests from 1 test suite ran. (108561 ms total)
[  PASSED  ] 4 tests.
[==========] 3 tests from 1 test suite ran. (74114 ms total)
[  PASSED  ] 3 tests.
[==========] 3 tests from 1 test suite ran. (68467 ms total)
[  PASSED  ] 3 tests.
[==========] 2 tests from 1 test suite ran. (70859 ms total)
[  PASSED  ] 2 tests.
