[==========] 22 tests from 1 test suite ran. (327863 ms total)
[  PASSED  ] 22 tests.
/home/julian/code/cpp/cajeta-two/test/xpu/XpuWaveDeviceTests.cpp:817: Skipped
no CUDA device/driver available

/home/julian/code/cpp/cajeta-two/test/xpu/XpuWaveDeviceTests.cpp:850: Skipped
no CUDA device/driver available

/home/julian/code/cpp/cajeta-two/test/xpu/XpuWaveDeviceTests.cpp:888: Skipped
no CUDA device/driver available

/home/julian/code/cpp/cajeta-two/test/xpu/XpuWaveDeviceTests.cpp:921: Skipped
no CUDA device/driver available

/home/julian/code/cpp/cajeta-two/test/xpu/XpuWaveDeviceTests.cpp:953: Skipped
no CUDA device/driver available

/home/julian/code/cpp/cajeta-two/test/xpu/XpuWaveDeviceTests.cpp:985: Skipped
no CUDA device/driver available

/home/julian/code/cpp/cajeta-two/test/xpu/XpuWaveDeviceTests.cpp:1017: Skipped
no CUDA device/driver available

[==========] 21 tests from 1 test suite ran. (233278 ms total)
[  PASSED  ] 14 tests.
[  SKIPPED ] 7 tests.
[==========] 15 tests from 1 test suite ran. (1 ms total)
[  PASSED  ] 15 tests.
[==========] 13 tests from 1 test suite ran. (146 ms total)
[  PASSED  ] 13 tests.
[==========] 10 tests from 1 test suite ran. (305806 ms total)
[  PASSED  ] 10 tests.
[==========] 8 tests from 1 test suite ran. (250884 ms total)
[  PASSED  ] 8 tests.
[CajetaException @ codegen] CAJETA_ERROR_TYPE_MISMATCH: method reference 'make' returns heap ownership; cannot assign to an sret-form function type (would leak the allocation)  (method=run)
[==========] 7 tests from 1 test suite ran. (210928 ms total)
[  PASSED  ] 7 tests.
[==========] 6 tests from 1 test suite ran. (191640 ms total)
[  PASSED  ] 6 tests.
[==========] 6 tests from 1 test suite ran. (6825 ms total)
[  PASSED  ] 6 tests.
[==========] 5 tests from 1 test suite ran. (64070 ms total)
[  PASSED  ] 5 tests.
[==========] 5 tests from 1 test suite ran. (140044 ms total)
[  PASSED  ] 5 tests.
[==========] 3 tests from 1 test suite ran. (0 ms total)
[  PASSED  ] 3 tests.
[==========] 3 tests from 1 test suite ran. (0 ms total)
[  PASSED  ] 3 tests.
[CajetaException] CAJETA_ERROR_TYPE_PARAMETER_BOUND: template test.Holder: argument 'test.Thing' does not satisfy bound Numeric on parameter 'T' — Numeric admits a primitive numeric type (any integer or floating-point primitive), or a class implementing cajeta.lang.Numeric
[==========] 3 tests from 1 test suite ran. (70690 ms total)
[  PASSED  ] 3 tests.
[==========] 2 tests from 1 test suite ran. (24861 ms total)
[  PASSED  ] 2 tests.
/home/julian/code/cpp/cajeta-two/test/xpu/XpuSaxpyDeviceTests.cpp:85: Skipped
no CUDA device/driver available

[==========] 1 test from 1 test suite ran. (0 ms total)
[  PASSED  ] 0 tests.
[  SKIPPED ] 1 test.
